00:02.625  reports          | WARNING Path 'D:\Blender5.2\5.2\datafiles\assets\brushes\essentials_brushes-gp_draw.blend' cannot be made relative for Material 'Dots Stroke'
Blender 5.2.0 LTS (hash fbe6228777e7 built 2026-07-14 01:35:40)
00:02.625  reports          | WARNING Path 'D:\Blender5.2\5.2\datafiles\assets\brushes\essentials_brushes-gp_draw.blend' cannot be made relative for Material 'Material'
00:02.641  blend            | Read blend: "C:\Users\Randy\AppData\Local\Temp\cd-auto-align-w40r1pzb\ROLL_DECOUPLED-True.blend"
00:03.110  blend            | Read blend: "C:\Users\Randy\AppData\Local\Temp\cd-auto-align-w40r1pzb\ROLL_DECOUPLED-False.blend"
00:03.516  blend            | Read blend: "C:\Users\Randy\AppData\Local\Temp\cd-auto-align-w40r1pzb\DIRECT_PREROLL-True.blend"
00:03.703  blend            | Read blend: "C:\Users\Randy\AppData\Local\Temp\cd-auto-align-w40r1pzb\DIRECT_PREROLL-False.blend"
Info: Analyze Rig found 4/4 high-confidence limbs.
Info: Built 1 selected IK side; targets, Poles, IK(2), and end rotation are ready.
Info: Built 3 available IK sides; targets, Poles, IK(2), and end rotation are ready.
Info: Saved as "ROLL_DECOUPLED-True.blend"
Info: Analyze Rig found 4/4 high-confidence limbs.
Info: Rebuilt 4 Limb IK sides from the current analyzed chains.
Info: All 4 generated limb target(s) are in Manual rotation mode.
Info: Saved as "ROLL_DECOUPLED-False.blend"
Info: Analyze Rig found 4/4 high-confidence limbs.
Info: Rebuilt 4 Limb IK sides from the current analyzed chains.
PASS ROLL_DECOUPLED: default Auto, incremental Build All, save/reopen, Rebuild, explicit Manual
Info: Analyze Rig found 4/4 high-confidence limbs.
Info: Built 1 selected Direct Pre-Roll IK side; Target + Pole are the only visible controls; one hidden display aim keeps the Pole arrow aligned.
Info: Built 3 available Direct Pre-Roll IK sides; Target + Pole are the only visible controls; one hidden display aim keeps the Pole arrow aligned.
Info: Saved as "DIRECT_PREROLL-True.blend"
Info: Analyze Rig found 4/4 high-confidence limbs.
Info: Rebuilt 4 Limb IK sides from the current analyzed chains.
Info: All 4 generated limb target(s) are in Manual rotation mode.
Info: Saved as "DIRECT_PREROLL-False.blend"
Info: Analyze Rig found 4/4 high-confidence limbs.
Info: Rebuilt 4 Limb IK sides from the current analyzed chains.
PASS DIRECT_PREROLL: default Auto, incremental Build All, save/reopen, Rebuild, explicit Manual
AUTO_ALIGN_DEFAULT_AND_PERSISTENCE_PASSED

Blender quit
