PASS test_level_one_uses_actual_evaluated_loop_and_preserves_source
PASS test_level_two_uses_actual_evaluated_loop_and_preserves_source
PASS test_warm_marker_drag_reuses_blender_response_without_reevaluation
PASS test_two_stages_keep_evaluated_centers_and_bones_while_supports_change_stencil
PASS test_unsupported_visible_stack_shape_and_crease_fail_without_mutation
PASS test_complete_staged_evaluation_detects_target_mismatch_and_cleans_up
PASS test_disabled_subdivision_keeps_existing_cage_workflow
DEFAULT_SUBDIVISION_WIDTH_CONSTRAINT 1 Subdivision compensation would cross another target ring. Increase their separation.
PASS test_level_one_default_positions_and_width_have_verified_feasibility
DEFAULT_SUBDIVISION_WIDTH_CONSTRAINT 2 Subdivision compensation would cross another target ring. Increase their separation.
PASS test_level_two_default_positions_and_width_have_verified_feasibility
PASS test_subdivision_results_survive_topology_rebase_and_reuse_managed_supports
PASS test_asymmetric_reused_row_with_unchanged_mean_is_still_transferred
PASS test_edited_subdivision_stencil_stays_local_until_explicit_support_update
PASS test_remote_nonzero_corrective_survives_preview_and_both_stages_unchanged
PASS test_vertex_group_mask_can_make_a_nonzero_corrective_locally_neutral
PASS test_local_and_boundary_corrective_displacement_refuse_without_changing_values
PASS test_staged_verification_rechecks_newly_active_local_corrective
PASS test_unrelated_posed_deform_bone_does_not_block_local_finger_surface
PASS test_weighted_local_pose_refuses_in_planning_and_staged_verification
PASS test_armature_mask_excludes_local_pose_but_inversion_restores_guard
PASS test_unhandled_armature_modes_and_influencing_bbone_refuse_explicitly
FINGER_SUBDIVISION_PASS
Blender 5.2.0 LTS (hash fbe6228777e7 built 2026-07-14 01:35:40)

Blender quit
