Info: Analyze Rig found 4/4 high-confidence limbs.
Info: Built 1 selected IK side; targets, Poles, IK(2), and end rotation are ready.
Info: Spine controls added; pose and weights preserved.
Info: Built 1 selected IK side; targets, Poles, IK(2), and end rotation are ready.
Error: Remove Spine Controls before rebuilding or removing Limb IK.
Warning: Remove Spine Controls before rebuilding or removing Limb IK.
Info: Spine controls removed; pose and weights preserved.
PASS SPINE_UI ROLL_DECOUPLED
Info: Analyze Rig found 4/4 high-confidence limbs.
Info: Pre-Roll check: Rest plane is aligned (0.00 deg). Direct IK is a start-pose candidate; no bones changed.
Info: Built 1 selected Direct Pre-Roll IK side; Target + Pole are the only visible controls; one hidden display aim keeps the Pole arrow aligned.
Info: Spine controls added; pose and weights preserved.
Info: Pre-Roll check: Rest plane is aligned (0.00 deg). Direct IK is a start-pose candidate; no bones changed.
Info: Built 1 selected Direct Pre-Roll IK side; Target + Pole are the only visible controls; one hidden display aim keeps the Pole arrow aligned.
Error: Remove Spine Controls before rebuilding or removing Limb IK.
Warning: Remove Spine Controls before rebuilding or removing Limb IK.
Info: Spine controls removed; pose and weights preserved.
PASS SPINE_UI DIRECT_PREROLL
SPINE_UI_PASSED
Blender 5.2.0 LTS (hash fbe6228777e7 built 2026-07-14 01:35:40)

Blender quit
