Info: Analyze Rig found 4/4 high-confidence limbs.
Info: Built 1 selected IK side; targets, Poles, IK(2), and end rotation are ready.
Info: L Foot Controls added; current pose and weights preserved.
Info: Built 1 selected IK side; targets, Poles, IK(2), and end rotation are ready.
Info: All 2 generated limb target(s) are in Manual rotation mode.
Info: All 2 generated limb target(s) are in Auto rotation mode.
Info: Leg L: FK; current pose matched.
Info: Leg L: IK; current pose matched.
Error: Remove Foot Controls before rebuilding or removing Limb IK.
Warning: Remove Foot Controls before rebuilding or removing Limb IK.
Info: L Foot Controls removed; current pose and weights preserved.
PASS FOOT_UI ROLL_DECOUPLED
Info: Analyze Rig found 4/4 high-confidence limbs.
Info: Pre-Roll check: Rest plane is aligned (0.00 deg). Direct IK is a start-pose candidate; no bones changed.
Info: Built 1 selected Direct Pre-Roll IK side; Target + Pole are the only visible controls; one hidden display aim keeps the Pole arrow aligned.
Info: L Foot Controls added; current pose and weights preserved.
Info: Pre-Roll check: Rest plane is aligned (0.00 deg). Direct IK is a start-pose candidate; no bones changed.
Info: Built 1 selected Direct Pre-Roll IK side; Target + Pole are the only visible controls; one hidden display aim keeps the Pole arrow aligned.
Info: All 2 generated limb target(s) are in Manual rotation mode.
Info: All 2 generated limb target(s) are in Auto rotation mode.
Info: Leg L: FK; current pose matched.
Info: Leg L: IK; current pose matched.
Error: Remove Foot Controls before rebuilding or removing Limb IK.
Warning: Remove Foot Controls before rebuilding or removing Limb IK.
Info: L Foot Controls removed; current pose and weights preserved.
PASS FOOT_UI DIRECT_PREROLL
FOOT_UI_PASSED
Blender 5.2.0 LTS (hash fbe6228777e7 built 2026-07-14 01:35:40)

Blender quit
