00:02.109  blend            | Read blend: "D:\Blender\Projects\Character\X\outputs\rig\fixtures\X_forearm_ranges_0555_source.blend"
ACTUAL_RANGE Actual cage deformation {"side": "L", "degrees": 90, "outside_vertex_count": 3720, "outside_error": 0.0, "boundary_error": 0.0, "interior_effect": 0.02586067570855606, "overlay_error": 4.806057638785284e-07}
ACTUAL_RANGE Actual cage deformation {"side": "L", "degrees": -90, "outside_vertex_count": 3720, "outside_error": 0.0, "boundary_error": 0.0, "interior_effect": 0.02586064898008468, "overlay_error": 4.806057638785284e-07}
ACTUAL_RANGE Recapture Cancel exact {"side": "L", "records": true, "keys": true, "poses": true, "original_sources": true, "animation": true}
ACTUAL_RANGE Actual cage deformation {"side": "R", "degrees": 90, "outside_vertex_count": 3720, "outside_error": 0.0, "boundary_error": 0.0, "interior_effect": 0.025860758988668704, "overlay_error": 3.626374460350858e-07}
ACTUAL_RANGE Actual cage deformation {"side": "R", "degrees": -90, "outside_vertex_count": 3720, "outside_error": 0.0, "boundary_error": 0.0, "interior_effect": 0.025860549381116482, "overlay_error": 3.626374460350858e-07}
ACTUAL_RANGE Recapture Cancel exact {"side": "R", "records": true, "keys": true, "poses": true, "original_sources": true, "animation": true}
ACTUAL_RANGE Failed explicit recapture is atomic {"records": true, "keys": true, "poses": true}
00:21.125  blend            | Read blend: "D:\Blender\Projects\Character\X\outputs\rig\fixtures\X_forearm_ranges_0555_preview.blend"
Info: Saved copy as "X_forearm_ranges_0555_preview.blend"
ACTUAL_RANGE Confirm and save/reopen {"range": [1, 5], "current": 3, "loop_counts": {"L": 7, "R": 7}, "pair_count": 7, "original_sources": true, "animation": true, "output": "D:\\Blender\\Projects\\Character\\X\\outputs\\rig\\fixtures\\X_forearm_ranges_0555_preview.blend"}
ACTUAL_RANGE Matching-loop explicit recapture preserves edits {"shares": true, "range_anchors": true, "current_identity": true, "cancel_exact": true}
ACTUAL_RANGE Animated target profile editing {"pose_locked": true, "poses": true, "animation": true, "record_cancel": true}
ACTUAL_FOREARM_ACCEPTANCE {"ok": true, "error": null, "report": "D:\\Blender\\Projects\\Character\\X\\outputs\\rig\\forearm_ranges_actual_0555.json", "source_unchanged": true}
Blender 5.2.0 LTS (hash fbe6228777e7 built 2026-07-14 01:35:40)
scripts disabled for "D:\Blender\Projects\Character\X\outputs\rig\fixtures\X_forearm_ranges_0555_source.blend", skipping 'rig.001_ui.py'
scripts disabled for "D:\Blender\Projects\Character\X\outputs\rig\fixtures\X_forearm_ranges_0555_source.blend", skipping 'rig.001_ui.py.003'
scripts disabled for "D:\Blender\Projects\Character\X\outputs\rig\fixtures\X_forearm_ranges_0555_preview.blend", skipping 'rig.001_ui.py'
scripts disabled for "D:\Blender\Projects\Character\X\outputs\rig\fixtures\X_forearm_ranges_0555_preview.blend", skipping 'rig.001_ui.py.003'

Blender quit
