00:01.000  blend            | Read blend: "D:\Blender\Projects\Character\X\outputs\rig\X_before_forearm_0560_20260913_053846.blend"
WRIST_POSE_DONE L True flat
WRIST_POSE_DONE L True raised
WRIST_POSE_DONE L True bent
WRIST_POSE_DONE L True root_rotated
WRIST_POSE_DONE L False flat
WRIST_POSE_DONE L False raised
WRIST_POSE_DONE L False bent
WRIST_POSE_DONE L False root_rotated
WRIST_POSE_DONE R True flat
WRIST_POSE_DONE R True raised
WRIST_POSE_DONE R True bent
WRIST_POSE_DONE R True root_rotated
WRIST_POSE_DONE R False flat
WRIST_POSE_DONE R False raised
WRIST_POSE_DONE R False bent
WRIST_POSE_DONE R False root_rotated
WRIST_ACTUAL_MATRIX True 160 D:\Blender\Projects\Character\X\outputs\rig\wrist_actual_matrix_0560_current.json
Blender 5.2.0 LTS (hash fbe6228777e7 built 2026-07-14 01:35:40)
scripts disabled for "D:\Blender\Projects\Character\X\outputs\rig\X_before_forearm_0560_20260913_053846.blend", skipping 'rig.001_ui.py'
scripts disabled for "D:\Blender\Projects\Character\X\outputs\rig\X_before_forearm_0560_20260913_053846.blend", skipping 'rig.001_ui.py.003'

Blender quit
