Info: Analyze Rig found 4/4 high-confidence limbs.
Info: Pre-Roll check: Rest plane is aligned (0.00 deg). Direct IK is a start-pose candidate; no bones changed.
Info: Built 1 selected Direct Pre-Roll IK side; Target + Pole are the only visible controls; one hidden display aim keeps the Pole arrow aligned.
Info: Analyze Rig found 4/4 high-confidence limbs.
Info: Pre-Roll check: Rest plane is aligned (0.00 deg). Direct IK is a start-pose candidate; no bones changed.
Info: Built 1 selected Direct Pre-Roll IK side; Target + Pole are the only visible controls; one hidden display aim keeps the Pole arrow aligned.
Info: All 1 generated limb target(s) are in Manual rotation mode.
Info: Analyze Rig found 4/4 high-confidence limbs.
Info: Pre-Roll check: Rest plane is aligned (0.00 deg). Direct IK is a start-pose candidate; no bones changed.
Info: Built 1 selected Direct Pre-Roll IK side; Target + Pole are the only visible controls; one hidden display aim keeps the Pole arrow aligned.
Info: Analyze Rig found 4/4 high-confidence limbs.
Info: Pre-Roll check: Rest plane is aligned (0.00 deg). Direct IK is a start-pose candidate; no bones changed.
Info: Built 1 selected Direct Pre-Roll IK side; Target + Pole are the only visible controls; one hidden display aim keeps the Pole arrow aligned.
Info: All 1 generated limb target(s) are in Manual rotation mode.
Info: Analyze Rig found 4/4 high-confidence limbs.
Info: Built 1 selected IK side; targets, Poles, IK(2), and end rotation are ready.
Info: Analyze Rig found 4/4 high-confidence limbs.
Info: Built 1 selected IK side; targets, Poles, IK(2), and end rotation are ready.
Info: All 1 generated limb target(s) are in Manual rotation mode.
Info: Analyze Rig found 4/4 high-confidence limbs.
Info: Built 1 selected IK side; targets, Poles, IK(2), and end rotation are ready.
Info: Analyze Rig found 4/4 high-confidence limbs.
Info: Built 1 selected IK side; targets, Poles, IK(2), and end rotation are ready.
Info: All 1 generated limb target(s) are in Manual rotation mode.
PASS test_viewport_rotation_and_translation
Info: Analyze Rig found 4/4 high-confidence limbs.
Info: Pre-Roll check: Rest plane is aligned (0.00 deg). Direct IK is a start-pose candidate; no bones changed.
Info: Built 1 selected Direct Pre-Roll IK side; Target + Pole are the only visible controls; one hidden display aim keeps the Pole arrow aligned.
Info: Removed 4 controls, 4 constraints, and 3 widgets. Analyze again before rebuilding.
Info: Analyze Rig found 4/4 high-confidence limbs.
Info: Pre-Roll check: Rest plane is aligned (0.00 deg). Direct IK is a start-pose candidate; no bones changed.
Info: Built 1 selected Direct Pre-Roll IK side; Target + Pole are the only visible controls; one hidden display aim keeps the Pole arrow aligned.
Info: Removed 4 controls, 4 constraints, and 3 widgets. Analyze again before rebuilding.
Info: Analyze Rig found 4/4 high-confidence limbs.
Info: Built 1 selected IK side; targets, Poles, IK(2), and end rotation are ready.
Info: Removed 10 controls, 12 constraints, and 5 widgets. Analyze again before rebuilding.
Info: Analyze Rig found 4/4 high-confidence limbs.
Info: Built 1 selected IK side; targets, Poles, IK(2), and end rotation are ready.
Info: Removed 10 controls, 12 constraints, and 5 widgets. Analyze again before rebuilding.
PASS test_upgrade_posed_legacy_idempotence_and_remove
Info: Analyze Rig found 4/4 high-confidence limbs.
Info: Pre-Roll check: Rest plane is aligned (0.00 deg). Direct IK is a start-pose candidate; no bones changed.
Info: Built 1 selected Direct Pre-Roll IK side; Target + Pole are the only visible controls; one hidden display aim keeps the Pole arrow aligned.
Info: All 1 generated limb target(s) are in Manual rotation mode.
Info: Analyze Rig found 4/4 high-confidence limbs.
Info: Pre-Roll check: Rest plane is aligned (0.00 deg). Direct IK is a start-pose candidate; no bones changed.
Info: Built 1 selected Direct Pre-Roll IK side; Target + Pole are the only visible controls; one hidden display aim keeps the Pole arrow aligned.
Info: All 1 generated limb target(s) are in Manual rotation mode.
Info: Analyze Rig found 4/4 high-confidence limbs.
Info: Built 1 selected IK side; targets, Poles, IK(2), and end rotation are ready.
Info: All 1 generated limb target(s) are in Manual rotation mode.
Info: Analyze Rig found 4/4 high-confidence limbs.
Info: Built 1 selected IK side; targets, Poles, IK(2), and end rotation are ready.
Info: All 1 generated limb target(s) are in Manual rotation mode.
PASS test_manual_rotation_and_legacy_manual_upgrade
Info: Analyze Rig found 4/4 high-confidence limbs.
Info: Pre-Roll check: Rest plane is aligned (0.00 deg). Direct IK is a start-pose candidate; no bones changed.
Info: Built 1 selected Direct Pre-Roll IK side; Target + Pole are the only visible controls; one hidden display aim keeps the Pole arrow aligned.
PASS test_upgrade_keeps_zero_inputs_and_driver_paths
Info: Analyze Rig found 4/4 high-confidence limbs.
Info: Built 1 selected IK side; targets, Poles, IK(2), and end rotation are ready.
PASS test_upgrade_authored_animation_and_driver_guards
Info: Analyze Rig found 4/4 high-confidence limbs.
Info: Built 1 selected IK side; targets, Poles, IK(2), and end rotation are ready.
Info: Built 1 selected IK side; targets, Poles, IK(2), and end rotation are ready.
PASS test_upgrade_failure_transaction
Info: Analyze Rig found 4/4 high-confidence limbs.
Info: Pre-Roll check: Rest plane is aligned (0.00 deg). Direct IK is a start-pose candidate; no bones changed.
Info: Built 1 selected Direct Pre-Roll IK side; Target + Pole are the only visible controls; one hidden display aim keeps the Pole arrow aligned.
Info: Built 1 selected Direct Pre-Roll IK side; Target + Pole are the only visible controls; one hidden display aim keeps the Pole arrow aligned.
Info: Built 1 selected Direct Pre-Roll IK side; Target + Pole are the only visible controls; one hidden display aim keeps the Pole arrow aligned.
Info: Analyze Rig found 4/4 high-confidence limbs.
Info: Built 1 selected IK side; targets, Poles, IK(2), and end rotation are ready.
Info: Built 1 selected IK side; targets, Poles, IK(2), and end rotation are ready.
Info: Built 1 selected IK side; targets, Poles, IK(2), and end rotation are ready.
PASS test_sync_local_axes_is_pose_safe_and_preserves_artist_settings
Info: Analyze Rig found 4/4 high-confidence limbs.
Info: Pre-Roll check: Rest plane is aligned (0.00 deg). Direct IK is a start-pose candidate; no bones changed.
Info: Built 1 selected Direct Pre-Roll IK side; Target + Pole are the only visible controls; one hidden display aim keeps the Pole arrow aligned.
Info: All 1 generated limb target(s) are in Manual rotation mode.
Info: All 1 generated limb target(s) are in Auto rotation mode.
Info: All 1 generated limb target(s) are in Manual rotation mode.
Info: All 1 generated limb target(s) are in Auto rotation mode.
Info: Rebuilt 1 Limb IK sides from the current analyzed chains.
Info: Analyze Rig found 4/4 high-confidence limbs.
Info: Pre-Roll check: Rest plane is aligned (0.00 deg). Direct IK is a start-pose candidate; no bones changed.
Info: Built 1 selected Direct Pre-Roll IK side; Target + Pole are the only visible controls; one hidden display aim keeps the Pole arrow aligned.
Info: All 1 generated limb target(s) are in Manual rotation mode.
Info: All 1 generated limb target(s) are in Auto rotation mode.
Info: All 1 generated limb target(s) are in Manual rotation mode.
Info: All 1 generated limb target(s) are in Auto rotation mode.
Info: Rebuilt 1 Limb IK sides from the current analyzed chains.
Info: Analyze Rig found 4/4 high-confidence limbs.
Info: Built 1 selected IK side; targets, Poles, IK(2), and end rotation are ready.
Info: All 1 generated limb target(s) are in Manual rotation mode.
Info: All 1 generated limb target(s) are in Auto rotation mode.
Info: All 1 generated limb target(s) are in Manual rotation mode.
Info: All 1 generated limb target(s) are in Auto rotation mode.
Info: Rebuilt 1 Limb IK sides from the current analyzed chains.
Info: Analyze Rig found 4/4 high-confidence limbs.
Info: Built 1 selected IK side; targets, Poles, IK(2), and end rotation are ready.
Info: All 1 generated limb target(s) are in Manual rotation mode.
Info: All 1 generated limb target(s) are in Auto rotation mode.
Info: All 1 generated limb target(s) are in Manual rotation mode.
Info: All 1 generated limb target(s) are in Auto rotation mode.
Info: Rebuilt 1 Limb IK sides from the current analyzed chains.
PASS test_local_axes_survive_mode_switches_and_rebuild
Info: Analyze Rig found 4/4 high-confidence limbs.
Info: Built 1 selected IK side; targets, Poles, IK(2), and end rotation are ready.
PASS test_legacy_sync_is_untouched_and_upgrade_respects_artist_setting
Info: Analyze Rig found 4/4 high-confidence limbs.
Info: Pre-Roll check: Rest plane is aligned (0.00 deg). Direct IK is a start-pose candidate; no bones changed.
Info: Built 1 selected Direct Pre-Roll IK side; Target + Pole are the only visible controls; one hidden display aim keeps the Pole arrow aligned.
Error: Injected rebuild display failure
Info: Analyze Rig found 4/4 high-confidence limbs.
Info: Built 1 selected IK side; targets, Poles, IK(2), and end rotation are ready.
Error: Injected rebuild display failure
PASS test_failed_rebuild_restores_custom_shape_transform_flags
WRIST_ROTATION_TESTS_PASS 10
Blender 5.2.0 LTS (hash fbe6228777e7 built 2026-07-14 01:35:40)

Blender quit
